Could not find an option named "--no-sound-null-safety".

Run 'flutter -h' (or 'flutter <command> -h') for available flutter commands and options.
